[38;5;11m⏳ Secondary rate limit — resuming in 00:05 · 143 writes remaining[m[38;5;11m⏳ Secondary rate limit — resuming in 00:04 · 143 writes remaining[m[38;5;11m⏳ Secondary rate limit — resuming in 00:03 · 143 writes remaining[m[38;5;11m⏳ Secondary rate limit — resuming in 00:02 · 143 writes remaining[m[38;5;11m⏳ Secondary rate limit — resuming in 00:01 · 143 writes remaining[m                                                                  