warn ⏳ Secondary rate limit — resuming in 04:32 · 143 writes remaining
warn ⏳ Secondary rate limit — resuming in 04:02 · 143 writes remaining
warn ⏳ Secondary rate limit — resuming in 03:32 · 143 writes remaining
warn ⏳ Secondary rate limit — resuming in 03:02 · 143 writes remaining
warn ⏳ Secondary rate limit — resuming in 02:32 · 143 writes remaining
warn ⏳ Secondary rate limit — resuming in 02:02 · 143 writes remaining
warn ⏳ Secondary rate limit — resuming in 01:32 · 143 writes remaining
warn ⏳ Secondary rate limit — resuming in 01:02 · 143 writes remaining
warn ⏳ Secondary rate limit — resuming in 00:32 · 143 writes remaining
warn ⏳ Secondary rate limit — resuming in 00:02 · 143 writes remaining
