warn ⏳ Secondary rate limit — resuming in 04:32
warn ⏳ Secondary rate limit — resuming in 04:02
warn ⏳ Secondary rate limit — resuming in 03:32
warn ⏳ Secondary rate limit — resuming in 03:02
warn ⏳ Secondary rate limit — resuming in 02:32
warn ⏳ Secondary rate limit — resuming in 02:02
warn ⏳ Secondary rate limit — resuming in 01:32
warn ⏳ Secondary rate limit — resuming in 01:02
warn ⏳ Secondary rate limit — resuming in 00:32
warn ⏳ Secondary rate limit — resuming in 00:02
